// Vitest Snapshot v1, https://vitest.dev/guide/snapshot.html

exports[`verification input and report > renders a Chinese, field-oriented report 1`] = `
"# 多点并发验收报告

- 运行编号：CONC-TEST
- 结论：**失败**
- 两机重叠运行：5.0 秒
- 计划/尝试/成功/失败/未完成：2/2/1/1/0
- 注册流（计划/尝试/成功/失败）：1/1/1/0
- 游戏流（计划/尝试/成功/失败）：1/1/0/1
- 请求无响应但最终已提交：1

## 代理结果


## 数据正确性

发现 1 项差异。

## 性能观察（不参与数据正确性结论）

请求数 3，吞吐量 1.5 请求/秒，p50 10ms，p95 20ms，p99 20ms。未触发性能告警。

## 差异

- [POINTS_MISMATCH] -/-：积分错误

## 数据目录

- runs/CONC-TEST

## 覆盖边界

- 不覆盖 UI
"
`;
